// Jest Snapshot v1, https://goo.gl/fbAQLP

exports[`DownArrow component should render a span with the same onClick as the prop 1`] = `
.c0 {
  position: absolute;
  left: -1.5rem;
  top: 0.4rem;
  outline: none;
  font-size: 2.4rem;
  -webkit-transition: all 1s ease;
  transition: all 1s ease;
  -webkit-transform: rotate(0deg);
  -ms-transform: rotate(0deg);
  transform: rotate(0deg);
}

<span
  className="c0"
  data-cy="submenu-open"
  open={false}
  role="button"
  tabIndex={-1}
>
  ↡
</span>
`;

exports[`DownArrow component should render a span with the same tabIndex as the prop 1`] = `
.c0 {
  position: absolute;
  left: -1.5rem;
  top: 0.4rem;
  outline: none;
  font-size: 2.4rem;
  -webkit-transition: all 1s ease;
  transition: all 1s ease;
  -webkit-transform: rotate(0deg);
  -ms-transform: rotate(0deg);
  transform: rotate(0deg);
}

<span
  className="c0"
  data-cy="submenu-open"
  open={false}
  role="button"
  tabIndex={-1}
>
  ↡
</span>
`;

exports[`DownArrow component should rotate the arrow based on the open prop 1`] = `
.c0 {
  position: absolute;
  left: -1.5rem;
  top: 0.4rem;
  outline: none;
  font-size: 2.4rem;
  -webkit-transition: all 1s ease;
  transition: all 1s ease;
  -webkit-transform: rotate(0deg);
  -ms-transform: rotate(0deg);
  transform: rotate(0deg);
}

<span
  className="c0"
  data-cy="submenu-open"
  open={false}
  role="button"
  tabIndex={-1}
>
  ↡
</span>
`;
