// Jest Snapshot v1, https://goo.gl/fbAQLP

exports[`Icon component should render properly 1`] = `
<div
  className="sc-jRQBWg hVwmOY"
  height="3rem"
>
  <div />
  <img
    alt="icon"
    className="sc-gKclnd jbCegM"
    height="3rem"
    src="/static/e986765a838c4faa272a607d98fb0088/icon.png"
  />
  <span
    className="sc-iCfMLu tnmtf"
  >
    icon
  </span>
</div>
`;
