// Jest Snapshot v1, https://goo.gl/fbAQLP

exports[`LeadPage component should render correctly 1`] = `
<div
  className="sc-bdvvtL clbSvl"
>
  <h1
    className="sc-furwcr fDffms"
  />
  <div
    className="sc-dkPtRN ldekpZ"
  >
    <div />
  </div>
  <div
    className="sc-gsDKAQ fIQPav"
  />
</div>
`;
